\BOOKMARK [1][-]{Doc-Start}{\376\377\000E\000x\000e\000c\000u\000t\000i\000v\000e\000\040\000S\000u\000m\000m\000a\000r\000y}{}% 1
\BOOKMARK [1][-]{paragraph*.5}{\376\377\000I\000n\000t\000r\000o\000d\000u\000c\000t\000i\000o\000n}{}% 2
\BOOKMARK [1][-]{section.1}{\376\377\000D\000e\000s\000i\000g\000n\000\040\000R\000a\000t\000i\000o\000n\000a\000l\000e}{}% 3
\BOOKMARK [2][-]{subsection.1.1}{\376\377\000S\000T\000E\000E\000P\000L\000E\000\040\000A\000n\000a\000l\000y\000s\000i\000s}{section.1}% 4
\BOOKMARK [2][-]{subsection.1.2}{\376\377\000S\000e\000a\000r\000c\000h\000\040\000P\000a\000r\000a\000m\000e\000t\000e\000r\000\040\000O\000p\000t\000i\000m\000i\000s\000a\000t\000i\000o\000n}{section.1}% 5
\BOOKMARK [2][-]{subsection.1.3}{\376\377\000P\000a\000r\000a\000m\000e\000t\000e\000r\000\040\000D\000e\000r\000i\000v\000a\000t\000i\000o\000n\000\040\000C\000h\000a\000i\000n}{section.1}% 6
\BOOKMARK [2][-]{subsection.1.4}{\376\377\000H\000a\000r\000d\000w\000a\000r\000e\000\040\000P\000l\000a\000t\000f\000o\000r\000m\000\040\000S\000e\000l\000e\000c\000t\000i\000o\000n}{section.1}% 7
\BOOKMARK [3][-]{subsubsection.1.4.1}{\376\377\000C\000o\000m\000p\000a\000n\000i\000o\000n\000\040\000C\000o\000m\000p\000u\000t\000e\000r\000\040\000T\000r\000a\000d\000e\000\040\000S\000t\000u\000d\000y}{subsection.1.4}% 8
\BOOKMARK [3][-]{subsubsection.1.4.2}{\376\377\000C\000o\000m\000m\000u\000n\000i\000c\000a\000t\000i\000o\000n\000\040\000A\000r\000c\000h\000i\000t\000e\000c\000t\000u\000r\000e\000\040\000T\000r\000a\000d\000e\000\040\000S\000t\000u\000d\000y}{subsection.1.4}% 9
\BOOKMARK [2][-]{subsection.1.5}{\376\377\000S\000o\000f\000t\000w\000a\000r\000e\000\040\000A\000r\000c\000h\000i\000t\000e\000c\000t\000u\000r\000e\000\040\000R\000a\000t\000i\000o\000n\000a\000l\000e}{section.1}% 10
\BOOKMARK [2][-]{subsection.1.6}{\376\377\000D\000e\000t\000e\000c\000t\000i\000o\000n\000\040\000M\000o\000d\000e\000l\000\040\000S\000e\000l\000e\000c\000t\000i\000o\000n}{section.1}% 11
\BOOKMARK [2][-]{subsection.1.7}{\376\377\000C\000o\000v\000e\000r\000a\000g\000e\000\040\000P\000a\000t\000h\000\040\000P\000l\000a\000n\000n\000i\000n\000g}{section.1}% 12
\BOOKMARK [2][-]{subsection.1.8}{\376\377\000S\000t\000a\000t\000e\000\040\000M\000a\000c\000h\000i\000n\000e\000\040\000D\000e\000s\000i\000g\000n}{section.1}% 13
\BOOKMARK [2][-]{subsection.1.9}{\376\377\000A\000u\000t\000o\000n\000o\000m\000y\000\040\000L\000e\000v\000e\000l\000\040\000J\000u\000s\000t\000i\000f\000i\000c\000a\000t\000i\000o\000n}{section.1}% 14
\BOOKMARK [2][-]{subsection.1.10}{\376\377\000D\000e\000c\000i\000s\000i\000o\000n\000s\000\040\000T\000h\000a\000t\000\040\000C\000h\000a\000n\000g\000e\000d\000:\000\040\000E\000v\000i\000d\000e\000n\000c\000e\000-\000B\000a\000s\000e\000d\000\040\000C\000o\000r\000r\000e\000c\000t\000i\000o\000n\000s}{section.1}% 15
\BOOKMARK [2][-]{subsection.1.11}{\376\377\000W\000h\000y\000\040\000N\000o\000t\000\040\000R\000O\000S}{section.1}% 16
\BOOKMARK [2][-]{subsection.1.12}{\376\377\000C\000a\000m\000e\000r\000a\000\040\000S\000e\000l\000e\000c\000t\000i\000o\000n\000:\000\040\000G\000l\000o\000b\000a\000l\000\040\000v\000s\000\040\000R\000o\000l\000l\000i\000n\000g\000\040\000S\000h\000u\000t\000t\000e\000r}{section.1}% 17
\BOOKMARK [2][-]{subsection.1.13}{\376\377\000F\000i\000e\000l\000d\000\040\000D\000a\000y\000\040\000A\000d\000a\000p\000t\000a\000t\000i\000o\000n\000\040\000U\000n\000d\000e\000r\000\040\000U\000n\000c\000e\000r\000t\000a\000i\000n\000t\000y}{section.1}% 18
\BOOKMARK [1][-]{section.2}{\376\377\000S\000y\000s\000t\000e\000m\000\040\000D\000e\000s\000c\000r\000i\000p\000t\000i\000o\000n}{}% 19
\BOOKMARK [2][-]{subsection.2.1}{\376\377\000H\000a\000r\000d\000w\000a\000r\000e\000\040\000P\000l\000a\000t\000f\000o\000r\000m}{section.2}% 20
\BOOKMARK [2][-]{subsection.2.2}{\376\377\000S\000o\000f\000t\000w\000a\000r\000e\000\040\000A\000r\000c\000h\000i\000t\000e\000c\000t\000u\000r\000e}{section.2}% 21
\BOOKMARK [2][-]{subsection.2.3}{\376\377\000C\000o\000m\000p\000u\000t\000e\000r\000\040\000V\000i\000s\000i\000o\000n\000\040\000P\000i\000p\000e\000l\000i\000n\000e}{section.2}% 22
\BOOKMARK [2][-]{subsection.2.4}{\376\377\000S\000e\000a\000r\000c\000h\000\040\000P\000a\000t\000t\000e\000r\000n\000\040\000G\000e\000n\000e\000r\000a\000t\000i\000o\000n}{section.2}% 23
\BOOKMARK [2][-]{subsection.2.5}{\376\377\000M\000i\000s\000s\000i\000o\000n\000\040\000S\000t\000a\000t\000e\000\040\000M\000a\000c\000h\000i\000n\000e}{section.2}% 24
\BOOKMARK [2][-]{subsection.2.6}{\376\377\000T\000a\000r\000g\000e\000t\000\040\000L\000o\000c\000a\000l\000i\000s\000a\000t\000i\000o\000n}{section.2}% 25
\BOOKMARK [2][-]{subsection.2.7}{\376\377\000G\000r\000o\000u\000n\000d\000\040\000S\000t\000a\000t\000i\000o\000n}{section.2}% 26
\BOOKMARK [2][-]{subsection.2.8}{\376\377\000S\000i\000m\000u\000l\000a\000t\000i\000o\000n\000\040\000F\000r\000a\000m\000e\000w\000o\000r\000k}{section.2}% 27
\BOOKMARK [1][-]{section.3}{\376\377\000R\000e\000q\000u\000i\000r\000e\000m\000e\000n\000t\000s\000\040\000V\000e\000r\000i\000f\000i\000c\000a\000t\000i\000o\000n}{}% 28
\BOOKMARK [1][-]{section.4}{\376\377\000E\000v\000a\000l\000u\000a\000t\000i\000o\000n}{}% 29
\BOOKMARK [2][-]{subsection.4.1}{\376\377\000P\000l\000u\000s\000/\000D\000e\000l\000t\000a\000\040\000S\000u\000m\000m\000a\000r\000y}{section.4}% 30
\BOOKMARK [2][-]{subsection.4.2}{\376\377\000D\000i\000s\000c\000u\000s\000s\000i\000o\000n\000\040\000o\000f\000\040\000K\000e\000y\000\040\000F\000i\000n\000d\000i\000n\000g\000s}{section.4}% 31
\BOOKMARK [2][-]{subsection.4.3}{\376\377\000T\000e\000s\000t\000i\000n\000g\000\040\000F\000r\000a\000m\000e\000w\000o\000r\000k\000\040\000S\000u\000m\000m\000a\000r\000y}{section.4}% 32
\BOOKMARK [1][-]{paragraph*.43}{\376\377\000R\000e\000f\000e\000r\000e\000n\000c\000e\000s}{}% 33
\BOOKMARK [1][-]{paragraph*.43}{\376\377\000A\000p\000p\000e\000n\000d\000i\000x\000\040\000G\000u\000i\000d\000e}{}% 34
\BOOKMARK [1][-]{appendix.A}{\376\377\000S\000t\000a\000t\000e\000\040\000T\000r\000a\000n\000s\000i\000t\000i\000o\000n\000\040\000T\000a\000b\000l\000e}{}% 35
\BOOKMARK [1][-]{appendix.B}{\376\377\000C\000o\000n\000f\000i\000g\000u\000r\000a\000t\000i\000o\000n\000\040\000P\000a\000r\000a\000m\000e\000t\000e\000r\000s}{}% 36
\BOOKMARK [1][-]{appendix.C}{\376\377\000M\000o\000d\000e\000l\000\040\000T\000r\000a\000i\000n\000i\000n\000g\000\040\000a\000n\000d\000\040\000D\000a\000t\000a\000s\000e\000t}{}% 37
\BOOKMARK [2][-]{subsection.C.1}{\376\377\000T\000r\000a\000i\000n\000i\000n\000g\000\040\000D\000a\000t\000a\000\040\000S\000t\000r\000a\000t\000e\000g\000y}{appendix.C}% 38
\BOOKMARK [2][-]{subsection.C.2}{\376\377\000D\000o\000m\000a\000i\000n\000\040\000R\000a\000n\000d\000o\000m\000i\000s\000a\000t\000i\000o\000n}{appendix.C}% 39
\BOOKMARK [2][-]{subsection.C.3}{\376\377\000A\000u\000g\000m\000e\000n\000t\000a\000t\000i\000o\000n\000\040\000P\000i\000p\000e\000l\000i\000n\000e}{appendix.C}% 40
\BOOKMARK [2][-]{subsection.C.4}{\376\377\000S\000y\000n\000t\000h\000e\000t\000i\000c\000\040\000D\000a\000t\000a\000\040\000G\000e\000n\000e\000r\000a\000t\000i\000o\000n\000\040\000P\000i\000p\000e\000l\000i\000n\000e}{appendix.C}% 41
\BOOKMARK [2][-]{subsection.C.5}{\376\377\000R\000e\000a\000l\000\040\000D\000a\000t\000a\000\040\000L\000a\000b\000e\000l\000l\000i\000n\000g}{appendix.C}% 42
\BOOKMARK [2][-]{subsection.C.6}{\376\377\000N\000e\000g\000a\000t\000i\000v\000e\000\040\000M\000i\000n\000i\000n\000g}{appendix.C}% 43
\BOOKMARK [2][-]{subsection.C.7}{\376\377\000D\000a\000t\000a\000\040\000C\000o\000m\000p\000o\000s\000i\000t\000i\000o\000n\000\040\000A\000n\000a\000l\000y\000s\000i\000s}{appendix.C}% 44
\BOOKMARK [2][-]{subsection.C.8}{\376\377\000T\000r\000a\000i\000n\000i\000n\000g\000\040\000P\000i\000p\000e\000l\000i\000n\000e\000\040\000a\000n\000d\000\040\000C\000o\000n\000v\000e\000r\000g\000e\000n\000c\000e}{appendix.C}% 45
\BOOKMARK [2][-]{subsection.C.9}{\376\377\000R\000e\000s\000u\000l\000t\000s}{appendix.C}% 46
\BOOKMARK [2][-]{subsection.C.10}{\376\377\000M\000o\000d\000e\000l\000\040\000E\000x\000p\000o\000r\000t\000\040\000P\000i\000p\000e\000l\000i\000n\000e}{appendix.C}% 47
\BOOKMARK [2][-]{subsection.C.11}{\376\377\000D\000e\000p\000l\000o\000y\000m\000e\000n\000t}{appendix.C}% 48
\BOOKMARK [2][-]{subsection.C.12}{\376\377\000L\000i\000m\000i\000t\000a\000t\000i\000o\000n\000s}{appendix.C}% 49
\BOOKMARK [1][-]{appendix.D}{\376\377\000S\000a\000f\000e\000t\000y\000\040\000a\000n\000d\000\040\000R\000i\000s\000k\000\040\000M\000a\000n\000a\000g\000e\000m\000e\000n\000t}{}% 50
\BOOKMARK [2][-]{subsection.D.1}{\376\377\000G\000e\000o\000f\000e\000n\000c\000e\000\040\000I\000m\000p\000l\000e\000m\000e\000n\000t\000a\000t\000i\000o\000n}{appendix.D}% 51
\BOOKMARK [2][-]{subsection.D.2}{\376\377\000F\000a\000i\000l\000u\000r\000e\000\040\000M\000o\000d\000e\000\040\000A\000n\000a\000l\000y\000s\000i\000s}{appendix.D}% 52
\BOOKMARK [2][-]{subsection.D.3}{\376\377\000O\000p\000e\000r\000a\000t\000o\000r\000-\000i\000n\000-\000t\000h\000e\000-\000L\000o\000o\000p}{appendix.D}% 53
\BOOKMARK [2][-]{subsection.D.4}{\376\377\000E\000m\000e\000r\000g\000e\000n\000c\000y\000\040\000P\000r\000o\000c\000e\000d\000u\000r\000e\000s}{appendix.D}% 54
\BOOKMARK [2][-]{subsection.D.5}{\376\377\000R\000i\000s\000k\000\040\000A\000s\000s\000e\000s\000s\000m\000e\000n\000t}{appendix.D}% 55
\BOOKMARK [2][-]{subsection.D.6}{\376\377\000R\000e\000g\000u\000l\000a\000t\000o\000r\000y\000\040\000C\000o\000n\000s\000i\000d\000e\000r\000a\000t\000i\000o\000n\000s}{appendix.D}% 56
\BOOKMARK [1][-]{appendix.E}{\376\377\000T\000e\000s\000t\000i\000n\000g\000\040\000M\000e\000t\000h\000o\000d\000o\000l\000o\000g\000y}{}% 57
\BOOKMARK [2][-]{subsection.E.1}{\376\377\000V\000-\000M\000o\000d\000e\000l\000\040\000V\000e\000r\000i\000f\000i\000c\000a\000t\000i\000o\000n\000\040\000A\000p\000p\000r\000o\000a\000c\000h}{appendix.E}% 58
\BOOKMARK [2][-]{subsection.E.2}{\376\377\000F\000i\000v\000e\000-\000T\000i\000e\000r\000\040\000P\000r\000o\000g\000r\000e\000s\000s\000i\000v\000e\000\040\000T\000e\000s\000t\000i\000n\000g}{appendix.E}% 59
\BOOKMARK [2][-]{subsection.E.3}{\376\377\000T\000e\000s\000t\000\040\000S\000c\000r\000i\000p\000t\000\040\000O\000r\000g\000a\000n\000i\000s\000a\000t\000i\000o\000n}{appendix.E}% 60
\BOOKMARK [2][-]{subsection.E.4}{\376\377\000D\000r\000y\000-\000R\000u\000n\000\040\000V\000a\000l\000i\000d\000a\000t\000i\000o\000n}{appendix.E}% 61
\BOOKMARK [2][-]{subsection.E.5}{\376\377\000D\000J\000I\000\040\000V\000i\000d\000e\000o\000\040\000A\000n\000a\000l\000y\000s\000i\000s}{appendix.E}% 62
\BOOKMARK [2][-]{subsection.E.6}{\376\377\000S\000t\000r\000e\000s\000s\000\040\000T\000e\000s\000t\000i\000n\000g\000\040\000a\000n\000d\000\040\000F\000a\000i\000l\000u\000r\000e\000\040\000S\000c\000e\000n\000a\000r\000i\000o\000s}{appendix.E}% 63
\BOOKMARK [2][-]{subsection.E.7}{\376\377\000B\000u\000i\000l\000d\000i\000n\000g\000\040\000C\000o\000n\000f\000i\000d\000e\000n\000c\000e\000\040\000T\000h\000r\000o\000u\000g\000h\000\040\000P\000r\000o\000g\000r\000e\000s\000s\000i\000v\000e\000\040\000E\000v\000i\000d\000e\000n\000c\000e}{appendix.E}% 64
\BOOKMARK [2][-]{subsection.E.8}{\376\377\000T\000e\000a\000m\000\040\000R\000o\000l\000e\000s\000\040\000i\000n\000\040\000t\000h\000e\000\040\000T\000e\000s\000t\000i\000n\000g\000\040\000P\000r\000o\000c\000e\000s\000s}{appendix.E}% 65
\BOOKMARK [2][-]{subsection.E.9}{\376\377\000C\000o\000m\000p\000a\000r\000i\000s\000o\000n\000\040\000w\000i\000t\000h\000\040\000I\000n\000d\000u\000s\000t\000r\000y\000\040\000T\000e\000s\000t\000i\000n\000g\000\040\000S\000t\000a\000n\000d\000a\000r\000d\000s}{appendix.E}% 66
\BOOKMARK [2][-]{subsection.E.10}{\376\377\000E\000x\000p\000e\000c\000t\000e\000d\000\040\000O\000u\000t\000c\000o\000m\000e\000s\000\040\000f\000r\000o\000m\000\040\000R\000e\000a\000l\000\040\000F\000l\000i\000g\000h\000t\000\040\000T\000e\000s\000t\000i\000n\000g}{appendix.E}% 67
\BOOKMARK [2][-]{subsection.E.11}{\376\377\000P\000r\000e\000f\000l\000i\000g\000h\000t\000\040\000C\000h\000e\000c\000k\000l\000i\000s\000t}{appendix.E}% 68
\BOOKMARK [1][-]{appendix.F}{\376\377\000F\000i\000e\000l\000d\000\040\000T\000e\000s\000t\000i\000n\000g\000\040\000a\000n\000d\000\040\000R\000e\000s\000u\000l\000t\000s}{}% 69
\BOOKMARK [2][-]{subsection.F.1}{\376\377\000B\000e\000n\000c\000h\000\040\000T\000e\000s\000t\000i\000n\000g\000\040\000R\000e\000s\000u\000l\000t\000s}{appendix.F}% 70
\BOOKMARK [2][-]{subsection.F.2}{\376\377\000F\000O\000V\000\040\000C\000a\000l\000i\000b\000r\000a\000t\000i\000o\000n}{appendix.F}% 71
\BOOKMARK [2][-]{subsection.F.3}{\376\377\000L\000e\000n\000s\000\040\000D\000i\000s\000t\000o\000r\000t\000i\000o\000n\000\040\000C\000a\000l\000i\000b\000r\000a\000t\000i\000o\000n}{appendix.F}% 72
\BOOKMARK [2][-]{subsection.F.4}{\376\377\000I\000n\000f\000e\000r\000e\000n\000c\000e\000\040\000B\000e\000n\000c\000h\000m\000a\000r\000k\000s}{appendix.F}% 73
\BOOKMARK [2][-]{subsection.F.5}{\376\377\000P\000o\000s\000t\000-\000H\000o\000c\000\040\000V\000i\000d\000e\000o\000\040\000A\000n\000a\000l\000y\000s\000i\000s}{appendix.F}% 74
\BOOKMARK [3][-]{subsubsection.F.5.1}{\376\377\000D\000e\000t\000e\000c\000t\000i\000o\000n\000\040\000P\000e\000r\000f\000o\000r\000m\000a\000n\000c\000e}{subsection.F.5}% 75
\BOOKMARK [3][-]{subsubsection.F.5.2}{\376\377\000G\000P\000S\000\040\000E\000s\000t\000i\000m\000a\000t\000i\000o\000n\000\040\000A\000c\000c\000u\000r\000a\000c\000y}{subsection.F.5}% 76
\BOOKMARK [2][-]{subsection.F.6}{\376\377\000D\000r\000y\000-\000R\000u\000n\000\040\000V\000a\000l\000i\000d\000a\000t\000i\000o\000n}{appendix.F}% 77
\BOOKMARK [2][-]{subsection.F.7}{\376\377\000D\000i\000s\000c\000u\000s\000s\000i\000o\000n}{appendix.F}% 78
\BOOKMARK [1][-]{appendix.G}{\376\377\000F\000u\000t\000u\000r\000e\000\040\000W\000o\000r\000k}{}% 79
\BOOKMARK [2][-]{subsection.G.1}{\376\377\000I\000n\000f\000e\000r\000e\000n\000c\000e\000\040\000A\000c\000c\000e\000l\000e\000r\000a\000t\000i\000o\000n}{appendix.G}% 80
\BOOKMARK [2][-]{subsection.G.2}{\376\377\000D\000e\000t\000e\000c\000t\000i\000o\000n\000\040\000I\000m\000p\000r\000o\000v\000e\000m\000e\000n\000t\000s}{appendix.G}% 81
\BOOKMARK [2][-]{subsection.G.3}{\376\377\000M\000u\000l\000t\000i\000-\000T\000a\000r\000g\000e\000t\000\040\000S\000u\000p\000p\000o\000r\000t}{appendix.G}% 82
\BOOKMARK [2][-]{subsection.G.4}{\376\377\000T\000h\000e\000r\000m\000a\000l\000\040\000I\000m\000a\000g\000i\000n\000g}{appendix.G}% 83
\BOOKMARK [2][-]{subsection.G.5}{\376\377\000C\000o\000m\000m\000u\000n\000i\000c\000a\000t\000i\000o\000n}{appendix.G}% 84
\BOOKMARK [2][-]{subsection.G.6}{\376\377\000S\000w\000a\000r\000m\000\040\000O\000p\000e\000r\000a\000t\000i\000o\000n\000s}{appendix.G}% 85
\BOOKMARK [1][-]{appendix.H}{\376\377\000E\000d\000g\000e\000\040\000I\000n\000f\000e\000r\000e\000n\000c\000e\000\040\000A\000r\000c\000h\000i\000t\000e\000c\000t\000u\000r\000e}{}% 86
\BOOKMARK [2][-]{subsection.H.1}{\376\377\000C\000o\000m\000p\000u\000t\000e\000\040\000P\000l\000a\000t\000f\000o\000r\000m\000\040\000C\000o\000n\000s\000t\000r\000a\000i\000n\000t\000s}{appendix.H}% 87
\BOOKMARK [2][-]{subsection.H.2}{\376\377\000B\000a\000c\000k\000e\000n\000d\000\040\000S\000e\000l\000e\000c\000t\000i\000o\000n}{appendix.H}% 88
\BOOKMARK [2][-]{subsection.H.3}{\376\377\000Q\000u\000a\000n\000t\000i\000s\000a\000t\000i\000o\000n\000\040\000T\000r\000a\000d\000e\000-\000o\000f\000f\000s}{appendix.H}% 89
\BOOKMARK [2][-]{subsection.H.4}{\376\377\000P\000i\000p\000e\000l\000i\000n\000e\000\040\000A\000r\000c\000h\000i\000t\000e\000c\000t\000u\000r\000e}{appendix.H}% 90
\BOOKMARK [2][-]{subsection.H.5}{\376\377\000V\000i\000d\000e\000o\000\040\000S\000t\000r\000e\000a\000m\000i\000n\000g\000\040\000A\000r\000c\000h\000i\000t\000e\000c\000t\000u\000r\000e}{appendix.H}% 91
\BOOKMARK [2][-]{subsection.H.6}{\376\377\000B\000e\000n\000c\000h\000m\000a\000r\000k\000\040\000M\000e\000t\000h\000o\000d\000o\000l\000o\000g\000y}{appendix.H}% 92
\BOOKMARK [2][-]{subsection.H.7}{\376\377\000R\000e\000s\000u\000l\000t\000s\000\040\000a\000n\000d\000\040\000P\000r\000o\000j\000e\000c\000t\000e\000d\000\040\000I\000m\000p\000r\000o\000v\000e\000m\000e\000n\000t\000s}{appendix.H}% 93
\BOOKMARK [1][-]{appendix.I}{\376\377\000C\000o\000m\000p\000u\000t\000e\000r\000\040\000V\000i\000s\000i\000o\000n\000:\000\040\000E\000x\000t\000e\000n\000d\000e\000d\000\040\000A\000n\000a\000l\000y\000s\000i\000s}{}% 94
\BOOKMARK [2][-]{subsection.I.1}{\376\377\000D\000e\000t\000e\000c\000t\000i\000o\000n\000\040\000P\000i\000p\000e\000l\000i\000n\000e\000:\000\040\000S\000t\000e\000p\000-\000b\000y\000-\000S\000t\000e\000p\000\040\000T\000i\000m\000i\000n\000g}{appendix.I}% 95
\BOOKMARK [3][-]{subsubsection.I.1.1}{\376\377\000S\000t\000a\000g\000e\000\040\0001\000:\000\040\000C\000a\000m\000e\000r\000a\000\040\000C\000a\000p\000t\000u\000r\000e}{subsection.I.1}% 96
\BOOKMARK [3][-]{subsubsection.I.1.2}{\376\377\000S\000t\000a\000g\000e\000\040\0002\000:\000\040\000L\000e\000n\000s\000\040\000U\000n\000d\000i\000s\000t\000o\000r\000t\000i\000o\000n}{subsection.I.1}% 97
\BOOKMARK [3][-]{subsubsection.I.1.3}{\376\377\000S\000t\000a\000g\000e\000\040\0003\000:\000\040\000P\000r\000e\000p\000r\000o\000c\000e\000s\000s\000i\000n\000g}{subsection.I.1}% 98
\BOOKMARK [3][-]{subsubsection.I.1.4}{\376\377\000S\000t\000a\000g\000e\000\040\0004\000:\000\040\000T\000F\000L\000i\000t\000e\000\040\000I\000n\000f\000e\000r\000e\000n\000c\000e}{subsection.I.1}% 99
\BOOKMARK [3][-]{subsubsection.I.1.5}{\376\377\000S\000t\000a\000g\000e\000\040\0005\000:\000\040\000P\000o\000s\000t\000p\000r\000o\000c\000e\000s\000s\000i\000n\000g}{subsection.I.1}% 100
\BOOKMARK [3][-]{subsubsection.I.1.6}{\376\377\000S\000t\000a\000g\000e\000\040\0006\000:\000\040\000V\000i\000s\000u\000a\000l\000i\000s\000a\000t\000i\000o\000n}{subsection.I.1}% 101
\BOOKMARK [2][-]{subsection.I.2}{\376\377\000C\000o\000m\000p\000r\000e\000h\000e\000n\000s\000i\000v\000e\000\040\000B\000e\000n\000c\000h\000m\000a\000r\000k\000\040\000R\000e\000s\000u\000l\000t\000s}{appendix.I}% 102
\BOOKMARK [2][-]{subsection.I.3}{\376\377\000M\000i\000s\000s\000i\000o\000n\000\040\000R\000u\000n\000t\000i\000m\000e\000\040\000A\000n\000a\000l\000y\000s\000i\000s}{appendix.I}% 103
\BOOKMARK [3][-]{subsubsection.I.3.1}{\376\377\000G\000r\000o\000u\000n\000d\000\040\000F\000o\000o\000t\000p\000r\000i\000n\000t\000\040\000G\000e\000o\000m\000e\000t\000r\000y}{subsection.I.3}% 104
\BOOKMARK [3][-]{subsubsection.I.3.2}{\376\377\000F\000r\000a\000m\000e\000s\000\040\000p\000e\000r\000\040\000F\000l\000y\000o\000v\000e\000r}{subsection.I.3}% 105
\BOOKMARK [3][-]{subsubsection.I.3.3}{\376\377\000F\000r\000a\000m\000e\000\040\000O\000v\000e\000r\000l\000a\000p\000\040\000A\000n\000a\000l\000y\000s\000i\000s}{subsection.I.3}% 106
\BOOKMARK [2][-]{subsection.I.4}{\376\377\000D\000e\000t\000e\000c\000t\000i\000o\000n\000\040\000P\000e\000r\000f\000o\000r\000m\000a\000n\000c\000e\000\040\000v\000s\000\040\000A\000l\000t\000i\000t\000u\000d\000e}{appendix.I}% 107
\BOOKMARK [3][-]{subsubsection.I.4.1}{\376\377\000P\000i\000x\000e\000l\000\040\000S\000i\000z\000e\000\040\000M\000o\000d\000e\000l}{subsection.I.4}% 108
\BOOKMARK [3][-]{subsubsection.I.4.2}{\376\377\000A\000l\000t\000i\000t\000u\000d\000e\000\040\000P\000e\000r\000f\000o\000r\000m\000a\000n\000c\000e\000\040\000T\000a\000b\000l\000e}{subsection.I.4}% 109
\BOOKMARK [2][-]{subsection.I.5}{\376\377\000M\000o\000d\000e\000l\000\040\000T\000r\000a\000i\000n\000i\000n\000g\000\040\000R\000e\000s\000u\000l\000t\000s}{appendix.I}% 110
\BOOKMARK [2][-]{subsection.I.6}{\376\377\000D\000u\000a\000l\000\040\000B\000a\000c\000k\000e\000n\000d\000\040\000A\000r\000c\000h\000i\000t\000e\000c\000t\000u\000r\000e}{appendix.I}% 111
\BOOKMARK [3][-]{subsubsection.I.6.1}{\376\377\000B\000a\000c\000k\000e\000n\000d\000\040\000S\000e\000l\000e\000c\000t\000i\000o\000n\000\040\000L\000o\000g\000i\000c}{subsection.I.6}% 112
\BOOKMARK [3][-]{subsubsection.I.6.2}{\376\377\000B\000a\000c\000k\000e\000n\000d\000\040\000A\000b\000s\000t\000r\000a\000c\000t\000i\000o\000n\000\040\000B\000e\000n\000e\000f\000i\000t\000s}{subsection.I.6}% 113
\BOOKMARK [2][-]{subsection.I.7}{\376\377\000M\000o\000d\000e\000l\000\040\000S\000w\000a\000p\000p\000i\000n\000g\000\040\000a\000n\000d\000\040\000F\000i\000e\000l\000d\000\040\000D\000e\000p\000l\000o\000y\000m\000e\000n\000t}{appendix.I}% 114
\BOOKMARK [2][-]{subsection.I.8}{\376\377\000D\000e\000t\000e\000c\000t\000i\000o\000n\000\040\000S\000p\000e\000e\000d\000\040\000v\000s\000\040\000D\000r\000o\000n\000e\000\040\000S\000p\000e\000e\000d}{appendix.I}% 115
\BOOKMARK [2][-]{subsection.I.9}{\376\377\000I\000n\000f\000e\000r\000e\000n\000c\000e\000\040\000L\000a\000t\000e\000n\000c\000y\000\040\000B\000r\000e\000a\000k\000d\000o\000w\000n}{appendix.I}% 116
\BOOKMARK [1][-]{appendix.J}{\376\377\000V\000i\000d\000e\000o\000\040\000S\000t\000r\000e\000a\000m\000i\000n\000g\000\040\000a\000n\000d\000\040\000G\000r\000o\000u\000n\000d\000\040\000S\000t\000a\000t\000i\000o\000n\000\040\000A\000r\000c\000h\000i\000t\000e\000c\000t\000u\000r\000e}{}% 117
\BOOKMARK [2][-]{subsection.J.1}{\376\377\000S\000t\000r\000e\000a\000m\000i\000n\000g\000\040\000P\000r\000o\000t\000o\000c\000o\000l\000\040\000S\000e\000l\000e\000c\000t\000i\000o\000n}{appendix.J}% 118
\BOOKMARK [2][-]{subsection.J.2}{\376\377\000T\000h\000r\000e\000a\000d\000i\000n\000g\000\040\000M\000o\000d\000e\000l\000\040\000a\000n\000d\000\040\000F\000r\000a\000m\000e\000\040\000B\000u\000f\000f\000e\000r\000i\000n\000g}{appendix.J}% 119
\BOOKMARK [2][-]{subsection.J.3}{\376\377\000H\000e\000a\000d\000l\000e\000s\000s\000\040\000O\000p\000e\000r\000a\000t\000i\000o\000n}{appendix.J}% 120
\BOOKMARK [2][-]{subsection.J.4}{\376\377\000P\000o\000r\000t\000\040\000A\000l\000l\000o\000c\000a\000t\000i\000o\000n\000\040\000a\000n\000d\000\040\000S\000e\000r\000v\000i\000c\000e\000\040\000S\000e\000p\000a\000r\000a\000t\000i\000o\000n}{appendix.J}% 121
\BOOKMARK [2][-]{subsection.J.5}{\376\377\000B\000a\000n\000d\000w\000i\000d\000t\000h\000\040\000E\000s\000t\000i\000m\000a\000t\000i\000o\000n}{appendix.J}% 122
\BOOKMARK [2][-]{subsection.J.6}{\376\377\000G\000r\000o\000u\000n\000d\000\040\000S\000t\000a\000t\000i\000o\000n\000\040\000A\000l\000t\000e\000r\000n\000a\000t\000i\000v\000e\000s\000\040\000C\000o\000n\000s\000i\000d\000e\000r\000e\000d}{appendix.J}% 123
\BOOKMARK [1][-]{appendix.K}{\376\377\000G\000P\000S\000\040\000T\000a\000r\000g\000e\000t\000\040\000E\000s\000t\000i\000m\000a\000t\000i\000o\000n\000:\000\040\000A\000\040\000D\000e\000e\000p\000\040\000D\000i\000v\000e}{}% 124
\BOOKMARK [2][-]{subsection.K.1}{\376\377\000S\000t\000r\000a\000t\000e\000g\000y\000\040\000R\000o\000a\000d\000m\000a\000p}{appendix.K}% 125
\BOOKMARK [2][-]{subsection.K.2}{\376\377\000P\000r\000o\000b\000l\000e\000m\000\040\000S\000t\000a\000t\000e\000m\000e\000n\000t}{appendix.K}% 126
\BOOKMARK [2][-]{subsection.K.3}{\376\377\000D\000e\000t\000e\000c\000t\000i\000o\000n\000-\000t\000o\000-\000G\000P\000S\000\040\000P\000i\000p\000e\000l\000i\000n\000e\000\040\000O\000v\000e\000r\000v\000i\000e\000w}{appendix.K}% 127
\BOOKMARK [2][-]{subsection.K.4}{\376\377\000P\000i\000x\000e\000l\000-\000t\000o\000-\000G\000P\000S\000\040\000M\000a\000t\000h\000e\000m\000a\000t\000i\000c\000s}{appendix.K}% 128
\BOOKMARK [3][-]{subsubsection.K.4.1}{\376\377\000G\000r\000o\000u\000n\000d\000\040\000S\000a\000m\000p\000l\000i\000n\000g\000\040\000D\000i\000s\000t\000a\000n\000c\000e}{subsection.K.4}% 129
\BOOKMARK [3][-]{subsubsection.K.4.2}{\376\377\000B\000o\000d\000y\000-\000F\000r\000a\000m\000e\000\040\000P\000r\000o\000j\000e\000c\000t\000i\000o\000n}{subsection.K.4}% 130
\BOOKMARK [3][-]{subsubsection.K.4.3}{\376\377\000H\000e\000a\000d\000i\000n\000g\000\040\000R\000o\000t\000a\000t\000i\000o\000n}{subsection.K.4}% 131
\BOOKMARK [3][-]{subsubsection.K.4.4}{\376\377\000W\000G\000S\0008\0004\000\040\000C\000o\000n\000v\000e\000r\000s\000i\000o\000n}{subsection.K.4}% 132
\BOOKMARK [2][-]{subsection.K.5}{\376\377\000I\000m\000a\000g\000e\000\040\000R\000e\000s\000i\000z\000e\000\040\000P\000i\000p\000e\000l\000i\000n\000e\000\040\000a\000n\000d\000\040\000C\000o\000o\000r\000d\000i\000n\000a\000t\000e\000\040\000M\000a\000p\000p\000i\000n\000g}{appendix.K}% 133
\BOOKMARK [2][-]{subsection.K.6}{\376\377\000E\000r\000r\000o\000r\000\040\000B\000u\000d\000g\000e\000t}{appendix.K}% 134
\BOOKMARK [2][-]{subsection.K.7}{\376\377\000R\000o\000l\000l\000/\000P\000i\000t\000c\000h\000\040\000A\000t\000t\000i\000t\000u\000d\000e\000\040\000E\000r\000r\000o\000r}{appendix.K}% 135
\BOOKMARK [3][-]{subsubsection.K.7.1}{\376\377\000M\000a\000g\000n\000i\000t\000u\000d\000e\000\040\000o\000f\000\040\000t\000h\000e\000\040\000E\000r\000r\000o\000r}{subsection.K.7}% 136
\BOOKMARK [3][-]{subsubsection.K.7.2}{\376\377\000W\000h\000y\000\040\000t\000h\000e\000\040\000S\000y\000s\000t\000e\000m\000\040\000T\000o\000l\000e\000r\000a\000t\000e\000s\000\040\000T\000h\000i\000s\000\040\000E\000r\000r\000o\000r}{subsection.K.7}% 137
\BOOKMARK [3][-]{subsubsection.K.7.3}{\376\377\000A\000t\000t\000i\000t\000u\000d\000e\000-\000C\000o\000m\000p\000e\000n\000s\000a\000t\000e\000d\000\040\000E\000s\000t\000i\000m\000a\000t\000i\000o\000n\000\040\000\050\000I\000m\000p\000l\000e\000m\000e\000n\000t\000e\000d\000\051}{subsection.K.7}% 138
\BOOKMARK [3][-]{subsubsection.K.7.4}{\376\377\000C\000o\000m\000p\000a\000r\000i\000s\000o\000n\000\040\000w\000i\000t\000h\000\040\000P\000u\000b\000l\000i\000s\000h\000e\000d\000\040\000A\000p\000p\000r\000o\000a\000c\000h\000e\000s}{subsection.K.7}% 139
\BOOKMARK [2][-]{subsection.K.8}{\376\377\000C\000e\000n\000t\000e\000r\000i\000n\000g\000\040\000a\000s\000\040\000M\000u\000l\000t\000i\000-\000E\000r\000r\000o\000r\000\040\000M\000i\000t\000i\000g\000a\000t\000i\000o\000n}{appendix.K}% 140
\BOOKMARK [2][-]{subsection.K.9}{\376\377\000T\000h\000r\000e\000e\000-\000L\000e\000v\000e\000l\000\040\000E\000s\000t\000i\000m\000a\000t\000i\000o\000n\000\040\000A\000r\000c\000h\000i\000t\000e\000c\000t\000u\000r\000e}{appendix.K}% 141
\BOOKMARK [3][-]{subsubsection.K.9.1}{\376\377\000L\000e\000v\000e\000l\000\040\0001\000:\000\040\000F\000u\000l\000l\000y\000\040\000P\000a\000s\000s\000i\000v\000e\000\040\000E\000s\000t\000i\000m\000a\000t\000i\000o\000n\000\040\000\050\000N\000o\000\040\000D\000r\000o\000n\000e\000\040\000R\000e\000s\000p\000o\000n\000s\000e\000\051}{subsection.K.9}% 142
\BOOKMARK [3][-]{subsubsection.K.9.2}{\376\377\000L\000e\000v\000e\000l\000\040\0002\000:\000\040\000S\000t\000o\000p\000-\000a\000n\000d\000-\000L\000o\000o\000k\000\040\000\050\000H\000o\000v\000e\000r\000\040\000W\000i\000t\000h\000o\000u\000t\000\040\000C\000e\000n\000t\000e\000r\000i\000n\000g\000\051}{subsection.K.9}% 143
\BOOKMARK [3][-]{subsubsection.K.9.3}{\376\377\000L\000e\000v\000e\000l\000\040\0003\000:\000\040\000V\000i\000s\000u\000a\000l\000\040\000C\000e\000n\000t\000e\000r\000i\000n\000g\000\040\000\050\000I\000m\000p\000l\000e\000m\000e\000n\000t\000e\000d\000\051}{subsection.K.9}% 144
\BOOKMARK [3][-]{subsubsection.K.9.4}{\376\377\000C\000o\000m\000p\000a\000r\000a\000t\000i\000v\000e\000\040\000E\000v\000a\000l\000u\000a\000t\000i\000o\000n}{subsection.K.9}% 145
\BOOKMARK [2][-]{subsection.K.10}{\376\377\000A\000l\000t\000i\000t\000u\000d\000e\000\040\000E\000f\000f\000e\000c\000t\000\040\000o\000n\000\040\000E\000s\000t\000i\000m\000a\000t\000i\000o\000n\000\040\000A\000c\000c\000u\000r\000a\000c\000y}{appendix.K}% 146
\BOOKMARK [2][-]{subsection.K.11}{\376\377\000A\000c\000c\000u\000r\000a\000c\000y\000\040\000P\000r\000o\000g\000r\000e\000s\000s\000i\000o\000n\000\040\000T\000h\000r\000o\000u\000g\000h\000\040\000M\000i\000s\000s\000i\000o\000n\000\040\000P\000h\000a\000s\000e\000s}{appendix.K}% 147
\BOOKMARK [2][-]{subsection.K.12}{\376\377\000G\000P\000S\000\040\000A\000v\000e\000r\000a\000g\000i\000n\000g\000\040\000D\000u\000r\000a\000t\000i\000o\000n\000\040\000A\000n\000a\000l\000y\000s\000i\000s}{appendix.K}% 148
\BOOKMARK [3][-]{subsubsection.K.12.1}{\376\377\000G\000P\000S\000\040\000N\000o\000i\000s\000e\000\040\000C\000h\000a\000r\000a\000c\000t\000e\000r\000i\000s\000t\000i\000c\000s}{subsection.K.12}% 149
\BOOKMARK [3][-]{subsubsection.K.12.2}{\376\377\000A\000v\000e\000r\000a\000g\000i\000n\000g\000\040\000I\000m\000p\000r\000o\000v\000e\000m\000e\000n\000t\000\040\000M\000o\000d\000e\000l}{subsection.K.12}% 150
\BOOKMARK [3][-]{subsubsection.K.12.3}{\376\377\000W\000h\000y\000\040\0001\0000\000\040\000S\000e\000c\000o\000n\000d\000s}{subsection.K.12}% 151
\BOOKMARK [2][-]{subsection.K.13}{\376\377\000F\000u\000s\000i\000o\000n\000\040\000S\000t\000r\000a\000t\000e\000g\000i\000e\000s}{appendix.K}% 152
\BOOKMARK [3][-]{subsubsection.K.13.1}{\376\377\000R\000o\000l\000l\000i\000n\000g\000\040\000W\000e\000i\000g\000h\000t\000e\000d\000\040\000A\000v\000e\000r\000a\000g\000e\000\040\000\050\000W\000i\000n\000d\000o\000w\000\040\000=\000\040\0005\0000\000\051}{subsection.K.13}% 153
\BOOKMARK [3][-]{subsubsection.K.13.2}{\376\377\000C\000u\000m\000u\000l\000a\000t\000i\000v\000e\000\040\000W\000e\000i\000g\000h\000t\000e\000d\000\040\000A\000v\000e\000r\000a\000g\000e\000\040\000\050\000A\000l\000l\000\040\000T\000i\000m\000e\000\051}{subsection.K.13}% 154
\BOOKMARK [3][-]{subsubsection.K.13.3}{\376\377\000K\000a\000l\000m\000a\000n\000\040\000F\000i\000l\000t\000e\000r\000\040\000\050\000S\000t\000a\000t\000i\000c\000\040\000T\000a\000r\000g\000e\000t\000\051}{subsection.K.13}% 155
\BOOKMARK [3][-]{subsubsection.K.13.4}{\376\377\000I\000n\000v\000e\000r\000s\000e\000-\000V\000a\000r\000i\000a\000n\000c\000e\000\040\000W\000e\000i\000g\000h\000t\000i\000n\000g}{subsection.K.13}% 156
\BOOKMARK [2][-]{subsection.K.14}{\376\377\000S\000p\000a\000t\000i\000a\000l\000\040\000C\000l\000u\000s\000t\000e\000r\000i\000n\000g}{appendix.K}% 157
\BOOKMARK [2][-]{subsection.K.15}{\376\377\000C\000o\000m\000p\000a\000r\000i\000s\000o\000n\000\040\000o\000f\000\040\000M\000e\000t\000h\000o\000d\000s}{appendix.K}% 158
\BOOKMARK [2][-]{subsection.K.16}{\376\377\000E\000m\000p\000i\000r\000i\000c\000a\000l\000\040\000V\000a\000l\000i\000d\000a\000t\000i\000o\000n}{appendix.K}% 159
\BOOKMARK [3][-]{subsubsection.K.16.1}{\376\377\000D\000J\000I\000\040\000V\000i\000d\000e\000o\000\040\000R\000e\000p\000l\000a\000y\000\040\000\050\000T\000h\000e\000\040\000`\000`\000B\000u\000l\000l\000s\000e\000y\000e\000\040\000T\000e\000s\000t\000'\000'\000\051}{subsection.K.16}% 160
\BOOKMARK [3][-]{subsubsection.K.16.2}{\376\377\000S\000i\000m\000u\000l\000a\000t\000o\000r\000\040\000V\000a\000l\000i\000d\000a\000t\000i\000o\000n}{subsection.K.16}% 161
\BOOKMARK [2][-]{subsection.K.17}{\376\377\000D\000e\000t\000a\000i\000l\000e\000d\000\040\000P\000e\000r\000-\000S\000t\000a\000t\000e\000\040\000A\000c\000c\000u\000r\000a\000c\000y\000\040\000A\000n\000a\000l\000y\000s\000i\000s}{appendix.K}% 162
\BOOKMARK [2][-]{subsection.K.18}{\376\377\000F\000o\000u\000r\000-\000P\000h\000a\000s\000e\000\040\000D\000e\000t\000e\000c\000t\000i\000o\000n\000-\000t\000o\000-\000L\000a\000n\000d\000i\000n\000g\000\040\000F\000l\000o\000w}{appendix.K}% 163
\BOOKMARK [3][-]{subsubsection.K.18.1}{\376\377\000P\000h\000a\000s\000e\000\040\0001\000:\000\040\000I\000n\000i\000t\000i\000a\000l\000\040\000D\000e\000t\000e\000c\000t\000i\000o\000n\000\040\000D\000u\000r\000i\000n\000g\000\040\000S\000e\000a\000r\000c\000h\000\040\000\050\000T\000i\000l\000t\000e\000d\000\040\000C\000a\000m\000e\000r\000a\000\051}{subsection.K.18}% 164
\BOOKMARK [3][-]{subsubsection.K.18.2}{\376\377\000P\000h\000a\000s\000e\000\040\0002\000:\000\040\000A\000p\000p\000r\000o\000a\000c\000h\000\040\000a\000n\000d\000\040\000C\000o\000n\000t\000i\000n\000u\000o\000u\000s\000\040\000R\000e\000f\000i\000n\000e\000m\000e\000n\000t}{subsection.K.18}% 165
\BOOKMARK [3][-]{subsubsection.K.18.3}{\376\377\000P\000h\000a\000s\000e\000\040\0003\000:\000\040\000H\000o\000v\000e\000r\000\040\000L\000o\000c\000k\000\040\000\050\000N\000a\000d\000i\000r\000\040\000C\000o\000n\000f\000i\000r\000m\000a\000t\000i\000o\000n\000\051}{subsection.K.18}% 166
\BOOKMARK [3][-]{subsubsection.K.18.4}{\376\377\000P\000h\000a\000s\000e\000\040\0004\000:\000\040\000O\000p\000e\000r\000a\000t\000o\000r\000\040\000V\000e\000r\000i\000f\000i\000c\000a\000t\000i\000o\000n\000\040\000a\000n\000d\000\040\000L\000a\000n\000d\000i\000n\000g\000\040\000D\000e\000c\000i\000s\000i\000o\000n}{subsection.K.18}% 167
\BOOKMARK [3][-]{subsubsection.K.18.5}{\376\377\000W\000h\000y\000\040\000F\000o\000u\000r\000\040\000P\000h\000a\000s\000e\000s\000\040\000A\000r\000e\000\040\000N\000e\000c\000e\000s\000s\000a\000r\000y}{subsection.K.18}% 168
\BOOKMARK [3][-]{subsubsection.K.18.6}{\376\377\000T\000h\000e\000\040\000P\000r\000o\000g\000r\000e\000s\000s\000i\000v\000e\000\040\000R\000e\000f\000i\000n\000e\000m\000e\000n\000t\000\040\000T\000r\000a\000j\000e\000c\000t\000o\000r\000y}{subsection.K.18}% 169
\BOOKMARK [3][-]{subsubsection.K.18.7}{\376\377\000D\000e\000s\000i\000g\000n\000\040\000I\000n\000s\000i\000g\000h\000t}{subsection.K.18}% 170
\BOOKMARK [3][-]{subsubsection.K.18.8}{\376\377\000F\000a\000l\000s\000e\000\040\000P\000o\000s\000i\000t\000i\000v\000e\000\040\000H\000a\000n\000d\000l\000i\000n\000g}{subsection.K.18}% 171
\BOOKMARK [2][-]{subsection.K.19}{\376\377\000C\000o\000o\000p\000e\000r\000a\000t\000i\000v\000e\000\040\000V\000i\000s\000i\000o\000n\000-\000F\000l\000i\000g\000h\000t\000\040\000A\000r\000c\000h\000i\000t\000e\000c\000t\000u\000r\000e}{appendix.K}% 172
\BOOKMARK [3][-]{subsubsection.K.19.1}{\376\377\000T\000h\000r\000e\000e\000\040\000M\000e\000c\000h\000a\000n\000i\000s\000m\000s\000\040\000o\000f\000\040\000F\000l\000i\000g\000h\000t\000-\000A\000i\000d\000e\000d\000\040\000I\000m\000p\000r\000o\000v\000e\000m\000e\000n\000t}{subsection.K.19}% 173
\BOOKMARK [3][-]{subsubsection.K.19.2}{\376\377\000S\000t\000a\000t\000i\000c\000\040\000C\000a\000m\000e\000r\000a\000\040\000v\000s\000.\000\040\000C\000o\000o\000p\000e\000r\000a\000t\000i\000v\000e\000\040\000S\000y\000s\000t\000e\000m}{subsection.K.19}% 174
\BOOKMARK [2][-]{subsection.K.20}{\376\377\000W\000h\000y\000\040\000I\000n\000v\000e\000r\000s\000e\000-\000V\000a\000r\000i\000a\000n\000c\000e\000\040\000W\000e\000i\000g\000h\000t\000i\000n\000g\000\040\000W\000o\000n}{appendix.K}% 175
\BOOKMARK [2][-]{subsection.K.21}{\376\377\000E\000m\000p\000i\000r\000i\000c\000a\000l\000\040\000M\000e\000t\000h\000o\000d\000\040\000C\000o\000m\000p\000a\000r\000i\000s\000o\000n\000\040\000A\000g\000a\000i\000n\000s\000t\000\040\000G\000r\000o\000u\000n\000d\000\040\000T\000r\000u\000t\000h}{appendix.K}% 176
\BOOKMARK [3][-]{subsubsection.K.21.1}{\376\377\000G\000r\000o\000u\000n\000d\000\040\000T\000r\000u\000t\000h\000\040\000S\000e\000t\000u\000p}{subsection.K.21}% 177
\BOOKMARK [3][-]{subsubsection.K.21.2}{\376\377\000M\000e\000t\000h\000o\000d\000s\000\040\000T\000e\000s\000t\000e\000d}{subsection.K.21}% 178
\BOOKMARK [3][-]{subsubsection.K.21.3}{\376\377\000W\000h\000y\000\040\000C\000e\000n\000t\000e\000r\000i\000n\000g\000\040\000+\000\040\000G\000P\000S\000\040\000A\000v\000e\000r\000a\000g\000i\000n\000g\000\040\000W\000o\000n}{subsection.K.21}% 179
\BOOKMARK [3][-]{subsubsection.K.21.4}{\376\377\000C\000E\000P\0005\0000\000\040\000C\000o\000m\000p\000a\000r\000i\000s\000o\000n}{subsection.K.21}% 180
\BOOKMARK [3][-]{subsubsection.K.21.5}{\376\377\000C\000o\000n\000v\000e\000r\000g\000e\000n\000c\000e\000\040\000B\000e\000h\000a\000v\000i\000o\000u\000r}{subsection.K.21}% 181
\BOOKMARK [2][-]{subsection.K.22}{\376\377\000O\000f\000f\000s\000e\000t\000\040\000L\000a\000n\000d\000i\000n\000g\000\040\000A\000p\000p\000l\000i\000c\000a\000t\000i\000o\000n}{appendix.K}% 182
\BOOKMARK [2][-]{subsection.K.23}{\376\377\000M\000u\000l\000t\000i\000-\000P\000a\000s\000s\000\040\000O\000b\000s\000e\000r\000v\000a\000t\000i\000o\000n\000\040\000a\000n\000d\000\040\000H\000e\000a\000d\000i\000n\000g\000\040\000D\000i\000v\000e\000r\000s\000i\000t\000y}{appendix.K}% 183
\BOOKMARK [3][-]{subsubsection.K.23.1}{\376\377\000T\000h\000e\000\040\000L\000a\000w\000n\000m\000o\000w\000e\000r\000\040\000P\000a\000t\000t\000e\000r\000n\000\040\000A\000d\000v\000a\000n\000t\000a\000g\000e}{subsection.K.23}% 184
\BOOKMARK [3][-]{subsubsection.K.23.2}{\376\377\000H\000o\000w\000\040\000M\000a\000n\000y\000\040\000P\000a\000s\000s\000e\000s\000\040\000A\000r\000e\000\040\000E\000n\000o\000u\000g\000h\000?}{subsection.K.23}% 185
\BOOKMARK [3][-]{subsubsection.K.23.3}{\376\377\000S\000t\000r\000i\000p\000\040\000S\000p\000a\000c\000i\000n\000g\000\040\000a\000n\000d\000\040\000T\000a\000r\000g\000e\000t\000\040\000V\000i\000s\000i\000b\000i\000l\000i\000t\000y}{subsection.K.23}% 186
\BOOKMARK [3][-]{subsubsection.K.23.4}{\376\377\000M\000u\000l\000t\000i\000-\000P\000a\000s\000s\000\040\000A\000v\000e\000r\000a\000g\000i\000n\000g\000\040\000v\000s\000.\000\040\000C\000e\000n\000t\000e\000r\000i\000n\000g}{subsection.K.23}% 187
\BOOKMARK [2][-]{subsection.K.24}{\376\377\000P\000a\000s\000s\000i\000v\000e\000\040\000E\000s\000t\000i\000m\000a\000t\000i\000o\000n\000:\000\040\000L\000e\000v\000e\000l\000\040\0001\000\040\000G\000P\000S\000\040\000W\000i\000t\000h\000o\000u\000t\000\040\000D\000r\000o\000n\000e\000\040\000R\000e\000s\000p\000o\000n\000s\000e}{appendix.K}% 188
\BOOKMARK [3][-]{subsubsection.K.24.1}{\376\377\000P\000a\000s\000s\000i\000v\000e\000\040\000E\000s\000t\000i\000m\000a\000t\000i\000o\000n\000\040\000T\000o\000o\000l\000k\000i\000t}{subsection.K.24}% 189
\BOOKMARK [3][-]{subsubsection.K.24.2}{\376\377\000W\000h\000y\000\040\000I\000V\000W\000\040\000S\000u\000i\000t\000s\000\040\000P\000a\000s\000s\000i\000v\000e\000\040\000M\000o\000d\000e}{subsection.K.24}% 190
\BOOKMARK [3][-]{subsubsection.K.24.3}{\376\377\000C\000o\000n\000v\000e\000r\000g\000e\000n\000c\000e\000\040\000B\000e\000h\000a\000v\000i\000o\000u\000r\000\040\000i\000n\000\040\000P\000a\000s\000s\000i\000v\000e\000\040\000M\000o\000d\000e}{subsection.K.24}% 191
\BOOKMARK [3][-]{subsubsection.K.24.4}{\376\377\000P\000a\000s\000s\000i\000v\000e\000\040\000v\000s\000.\000\040\000A\000c\000t\000i\000v\000e\000\040\000E\000s\000t\000i\000m\000a\000t\000i\000o\000n\000:\000\040\000W\000h\000e\000n\000\040\000E\000a\000c\000h\000\040\000M\000o\000d\000e\000\040\000E\000x\000c\000e\000l\000s}{subsection.K.24}% 192
\BOOKMARK [3][-]{subsubsection.K.24.5}{\376\377\000I\000m\000p\000l\000e\000m\000e\000n\000t\000a\000t\000i\000o\000n\000\040\000i\000n\000\040\000p\000a\000s\000s\000i\000v\000e\000\137\000w\000a\000t\000c\000h\000.\000p\000y}{subsection.K.24}% 193
\BOOKMARK [1][-]{appendix.L}{\376\377\000P\000r\000o\000g\000r\000e\000s\000s\000i\000v\000e\000\040\000T\000e\000s\000t\000i\000n\000g\000\040\000M\000e\000t\000h\000o\000d\000o\000l\000o\000g\000y}{}% 194
\BOOKMARK [2][-]{subsection.L.1}{\376\377\000P\000h\000i\000l\000o\000s\000o\000p\000h\000y\000:\000\040\000N\000e\000v\000e\000r\000\040\000S\000k\000i\000p\000\040\000a\000\040\000T\000i\000e\000r}{appendix.L}% 195
\BOOKMARK [2][-]{subsection.L.2}{\376\377\000T\000h\000e\000\040\000F\000i\000v\000e\000\040\000T\000i\000e\000r\000s\000\040\000i\000n\000\040\000D\000e\000t\000a\000i\000l}{appendix.L}% 196
\BOOKMARK [3][-]{subsubsection.L.2.1}{\376\377\000T\000i\000e\000r\000\040\0001\000:\000\040\000S\000I\000T\000L\000\040\000S\000i\000m\000u\000l\000a\000t\000i\000o\000n\000\040\000\050\000Z\000e\000r\000o\000\040\000H\000a\000r\000d\000w\000a\000r\000e\000\040\000R\000i\000s\000k\000\051}{subsection.L.2}% 197
\BOOKMARK [3][-]{subsubsection.L.2.2}{\376\377\000T\000i\000e\000r\000\040\0002\000:\000\040\000B\000e\000n\000c\000h\000\040\000T\000e\000s\000t\000\040\000\050\000P\000i\000\040\000+\000\040\000C\000u\000b\000e\000\040\000+\000\040\000C\000a\000m\000e\000r\000a\000,\000\040\000N\000o\000\040\000P\000r\000o\000p\000s\000\051}{subsection.L.2}% 198
\BOOKMARK [3][-]{subsubsection.L.2.3}{\376\377\000T\000i\000e\000r\000\040\0003\000:\000\040\000P\000a\000s\000s\000i\000v\000e\000\040\000F\000l\000i\000g\000h\000t\000\040\000\050\000P\000i\000l\000o\000t\000\040\000F\000l\000i\000e\000s\000,\000\040\000P\000i\000\040\000W\000a\000t\000c\000h\000e\000s\000,\000\040\000Z\000e\000r\000o\000\040\000C\000o\000m\000m\000a\000n\000d\000s\000\051}{subsection.L.2}% 199
\BOOKMARK [3][-]{subsubsection.L.2.4}{\376\377\000T\000i\000e\000r\000\040\0004\000:\000\040\000A\000u\000t\000o\000n\000o\000m\000o\000u\000s\000\040\000S\000e\000a\000r\000c\000h\000\040\000w\000i\000t\000h\000\040\000L\000o\000g\000-\000O\000n\000l\000y\000\040\000D\000e\000t\000e\000c\000t\000i\000o\000n}{subsection.L.2}% 200
\BOOKMARK [3][-]{subsubsection.L.2.5}{\376\377\000T\000i\000e\000r\000\040\0005\000:\000\040\000F\000u\000l\000l\000\040\000A\000u\000t\000o\000n\000o\000m\000o\000u\000s\000\040\000M\000i\000s\000s\000i\000o\000n}{subsection.L.2}% 201
\BOOKMARK [2][-]{subsection.L.3}{\376\377\000T\000e\000s\000t\000\040\000S\000c\000r\000i\000p\000t\000\040\000O\000r\000g\000a\000n\000i\000s\000a\000t\000i\000o\000n}{appendix.L}% 202
\BOOKMARK [2][-]{subsection.L.4}{\376\377\000E\000x\000p\000e\000r\000i\000m\000e\000n\000t\000\040\000S\000c\000r\000i\000p\000t\000s\000\040\000f\000o\000r\000\040\000Q\000u\000a\000n\000t\000i\000t\000a\000t\000i\000v\000e\000\040\000V\000a\000l\000i\000d\000a\000t\000i\000o\000n}{appendix.L}% 203
\BOOKMARK [2][-]{subsection.L.5}{\376\377\000D\000e\000f\000e\000c\000t\000\040\000D\000i\000s\000c\000o\000v\000e\000r\000y\000\040\000b\000y\000\040\000T\000i\000e\000r}{appendix.L}% 204
\BOOKMARK [2][-]{subsection.L.6}{\376\377\000V\000-\000M\000o\000d\000e\000l\000\040\000M\000a\000p\000p\000i\000n\000g}{appendix.L}% 205
\BOOKMARK [2][-]{subsection.L.7}{\376\377\000C\000o\000s\000t\040\023\000R\000i\000s\000k\000\040\000G\000r\000a\000d\000i\000e\000n\000t}{appendix.L}% 206
\BOOKMARK [2][-]{subsection.L.8}{\376\377\000S\000u\000m\000m\000a\000r\000y}{appendix.L}% 207
\BOOKMARK [1][-]{appendix.M}{\376\377\000F\000i\000e\000l\000d\000\040\000D\000a\000y\000:\000\040\000A\000d\000a\000p\000t\000a\000t\000i\000o\000n\000\040\000U\000n\000d\000e\000r\000\040\000U\000n\000c\000e\000r\000t\000a\000i\000n\000t\000y}{}% 208
\BOOKMARK [2][-]{subsection.M.1}{\376\377\000S\000e\000t\000u\000p\000:\000\040\000T\000h\000r\000e\000e\000\040\000T\000e\000r\000m\000i\000n\000a\000l\000s\000,\000\040\000O\000n\000e\000\040\000A\000i\000r\000c\000r\000a\000f\000t}{appendix.M}% 209
\BOOKMARK [2][-]{subsection.M.2}{\376\377\000W\000h\000a\000t\000\040\000W\000e\000\040\000T\000e\000s\000t\000e\000d}{appendix.M}% 210
\BOOKMARK [2][-]{subsection.M.3}{\376\377\000F\000O\000V\000\040\000C\000a\000l\000i\000b\000r\000a\000t\000i\000o\000n\000:\000\040\000C\000a\000t\000c\000h\000i\000n\000g\000\040\000a\000\040\0002\0002\000\045\000\040\000E\000r\000r\000o\000r}{appendix.M}% 211
\BOOKMARK [2][-]{subsection.M.4}{\376\377\000C\000a\000m\000e\000r\000a\000\040\000C\000o\000l\000o\000u\000r\000\040\000D\000i\000s\000c\000o\000v\000e\000r\000y}{appendix.M}% 212
\BOOKMARK [2][-]{subsection.M.5}{\376\377\000L\000e\000n\000s\000\040\000C\000a\000l\000i\000b\000r\000a\000t\000i\000o\000n}{appendix.M}% 213
\BOOKMARK [2][-]{subsection.M.6}{\376\377\000B\000e\000n\000c\000h\000m\000a\000r\000k\000\040\000R\000e\000s\000u\000l\000t\000s}{appendix.M}% 214
\BOOKMARK [2][-]{subsection.M.7}{\376\377\000W\000e\000a\000t\000h\000e\000r\000\040\000C\000a\000n\000c\000e\000l\000l\000a\000t\000i\000o\000n\000\040\000a\000n\000d\000\040\000t\000h\000e\000\040\000G\000o\000/\000N\000o\000-\000G\000o\000\040\000D\000e\000c\000i\000s\000i\000o\000n}{appendix.M}% 215
\BOOKMARK [2][-]{subsection.M.8}{\376\377\000T\000h\000e\000\040\000P\000i\000v\000o\000t\000:\000\040\000E\000v\000i\000d\000e\000n\000c\000e\000-\000B\000a\000s\000e\000d\000\040\000A\000d\000a\000p\000t\000a\000t\000i\000o\000n}{appendix.M}% 216
\BOOKMARK [2][-]{subsection.M.9}{\376\377\000D\000J\000I\000\040\000V\000i\000d\000e\000o\000\040\000A\000n\000a\000l\000y\000s\000i\000s\000:\000\040\000A\000\040\000F\000l\000i\000g\000h\000t\000-\000D\000a\000t\000a\000\040\000P\000r\000o\000x\000y}{appendix.M}% 217
\BOOKMARK [2][-]{subsection.M.10}{\376\377\000T\000e\000a\000m\000\040\000C\000o\000o\000r\000d\000i\000n\000a\000t\000i\000o\000n\000\040\000U\000n\000d\000e\000r\000\040\000F\000i\000e\000l\000d\000\040\000C\000o\000n\000d\000i\000t\000i\000o\000n\000s}{appendix.M}% 218
\BOOKMARK [2][-]{subsection.M.11}{\376\377\000L\000e\000s\000s\000o\000n\000s\000\040\000f\000o\000r\000\040\000t\000h\000e\000\040\000N\000e\000x\000t\000\040\000F\000i\000e\000l\000d\000\040\000D\000a\000y}{appendix.M}% 219
\BOOKMARK [1][-]{appendix.N}{\376\377\000C\000o\000n\000t\000i\000n\000g\000e\000n\000c\000y\000\040\000P\000l\000a\000n\000n\000i\000n\000g\000\040\000a\000n\000d\000\040\000D\000e\000l\000i\000v\000e\000r\000a\000b\000l\000e\000\040\000T\000i\000e\000r\000s}{}% 220
\BOOKMARK [2][-]{subsection.N.1}{\376\377\000M\000i\000n\000i\000m\000u\000m\000\040\000V\000i\000a\000b\000l\000e\000\040\000D\000e\000l\000i\000v\000e\000r\000a\000b\000l\000e}{appendix.N}% 221
\BOOKMARK [2][-]{subsection.N.2}{\376\377\000T\000a\000r\000g\000e\000t\000\040\000D\000e\000l\000i\000v\000e\000r\000a\000b\000l\000e}{appendix.N}% 222
\BOOKMARK [2][-]{subsection.N.3}{\376\377\000S\000t\000r\000e\000t\000c\000h\000\040\000G\000o\000a\000l\000s}{appendix.N}% 223
\BOOKMARK [2][-]{subsection.N.4}{\376\377\000H\000o\000w\000\040\000t\000h\000e\000\040\000T\000i\000e\000r\000\040\000S\000t\000r\000u\000c\000t\000u\000r\000e\000\040\000E\000v\000o\000l\000v\000e\000d}{appendix.N}% 224
\BOOKMARK [2][-]{subsection.N.5}{\376\377\000C\000o\000n\000t\000i\000n\000g\000e\000n\000c\000y\000\040\000P\000l\000a\000n\000s}{appendix.N}% 225
\BOOKMARK [2][-]{subsection.N.6}{\376\377\000T\000e\000s\000t\000\040\000S\000c\000r\000i\000p\000t\000\040\000M\000a\000p\000p\000i\000n\000g}{appendix.N}% 226
\BOOKMARK [1][-]{appendix.O}{\376\377\000T\000e\000s\000t\000\040\000S\000c\000r\000i\000p\000t\000\040\000R\000e\000f\000e\000r\000e\000n\000c\000e}{}% 227
\BOOKMARK [2][-]{subsection.O.1}{\376\377\000O\000r\000g\000a\000n\000i\000s\000a\000t\000i\000o\000n\000\040\000b\000y\000\040\000C\000a\000t\000e\000g\000o\000r\000y}{appendix.O}% 228
\BOOKMARK [2][-]{subsection.O.2}{\376\377\000F\000l\000i\000g\000h\000t\000\040\000T\000e\000s\000t\000\040\000P\000r\000o\000g\000r\000e\000s\000s\000i\000o\000n}{appendix.O}% 229
\BOOKMARK [2][-]{subsection.O.3}{\376\377\000H\000a\000r\000d\000w\000a\000r\000e\000\040\000T\000e\000s\000t\000s}{appendix.O}% 230
\BOOKMARK [2][-]{subsection.O.4}{\376\377\000C\000a\000l\000i\000b\000r\000a\000t\000i\000o\000n\000\040\000T\000e\000s\000t\000s}{appendix.O}% 231
\BOOKMARK [2][-]{subsection.O.5}{\376\377\000E\000x\000p\000e\000r\000i\000m\000e\000n\000t\000\040\000S\000c\000r\000i\000p\000t\000s}{appendix.O}% 232
\BOOKMARK [2][-]{subsection.O.6}{\376\377\000D\000i\000a\000g\000n\000o\000s\000t\000i\000c\000s}{appendix.O}% 233
\BOOKMARK [2][-]{subsection.O.7}{\376\377\000S\000c\000r\000i\000p\000t\000-\000t\000o\000-\000R\000e\000q\000u\000i\000r\000e\000m\000e\000n\000t\000\040\000M\000a\000p\000p\000i\000n\000g}{appendix.O}% 234
\BOOKMARK [2][-]{subsection.O.8}{\376\377\000W\000h\000a\000t\000\040\000W\000a\000s\000\040\000T\000e\000s\000t\000e\000d\000\040\000o\000n\000\040\000R\000e\000a\000l\000\040\000H\000a\000r\000d\000w\000a\000r\000e}{appendix.O}% 235
\BOOKMARK [2][-]{subsection.O.9}{\376\377\000R\000e\000m\000a\000i\000n\000i\000n\000g\000\040\000T\000e\000s\000t\000\040\000G\000a\000p\000s}{appendix.O}% 236
\BOOKMARK [1][-]{appendix.P}{\376\377\000S\000e\000n\000s\000o\000r\000\040\000C\000a\000l\000i\000b\000r\000a\000t\000i\000o\000n}{}% 237
\BOOKMARK [2][-]{subsection.P.1}{\376\377\000F\000i\000e\000l\000d\000-\000o\000f\000-\000V\000i\000e\000w\000\040\000C\000a\000l\000i\000b\000r\000a\000t\000i\000o\000n}{appendix.P}% 238
\BOOKMARK [2][-]{subsection.P.2}{\376\377\000L\000e\000n\000s\000\040\000D\000i\000s\000t\000o\000r\000t\000i\000o\000n\000\040\000C\000a\000l\000i\000b\000r\000a\000t\000i\000o\000n}{appendix.P}% 239
\BOOKMARK [2][-]{subsection.P.3}{\376\377\000C\000a\000m\000e\000r\000a\000\040\000C\000o\000l\000o\000u\000r\000-\000S\000p\000a\000c\000e\000\040\000D\000i\000s\000c\000o\000v\000e\000r\000y}{appendix.P}% 240
\BOOKMARK [2][-]{subsection.P.4}{\376\377\000D\000J\000I\000\040\000V\000i\000d\000e\000o\000\040\000F\000O\000V\000\040\000C\000a\000l\000i\000b\000r\000a\000t\000i\000o\000n}{appendix.P}% 241
\BOOKMARK [2][-]{subsection.P.5}{\376\377\000C\000a\000l\000i\000b\000r\000a\000t\000i\000o\000n\000\040\000I\000m\000p\000a\000c\000t\000\040\000S\000u\000m\000m\000a\000r\000y}{appendix.P}% 242
\BOOKMARK [2][-]{subsection.P.6}{\376\377\000P\000r\000e\000-\000F\000l\000i\000g\000h\000t\000\040\000C\000a\000l\000i\000b\000r\000a\000t\000i\000o\000n\000\040\000C\000h\000e\000c\000k\000l\000i\000s\000t}{appendix.P}% 243
\BOOKMARK [2][-]{subsection.P.7}{\376\377\000G\000P\000S\000\040\000E\000r\000r\000o\000r\000\040\000M\000e\000a\000s\000u\000r\000e\000m\000e\000n\000t\000\040\000P\000r\000o\000c\000e\000d\000u\000r\000e}{appendix.P}% 244
\BOOKMARK [2][-]{subsection.P.8}{\376\377\000A\000l\000t\000i\000t\000u\000d\000e\000\040\000E\000r\000r\000o\000r\000\040\000M\000e\000a\000s\000u\000r\000e\000m\000e\000n\000t\000\040\000P\000r\000o\000c\000e\000d\000u\000r\000e}{appendix.P}% 245
\BOOKMARK [2][-]{subsection.P.9}{\376\377\000E\000r\000r\000o\000r\000\040\000B\000u\000d\000g\000e\000t\000\040\000C\000r\000o\000s\000s\000-\000R\000e\000f\000e\000r\000e\000n\000c\000e}{appendix.P}% 246
\BOOKMARK [1][-]{appendix.Q}{\376\377\000S\000i\000m\000u\000l\000a\000t\000i\000o\000n\000\040\000V\000a\000l\000i\000d\000a\000t\000i\000o\000n\000\040\000a\000n\000d\000\040\000S\000i\000m\000-\000t\000o\000-\000R\000e\000a\000l\000\040\000G\000a\000p}{}% 247
\BOOKMARK [2][-]{subsection.Q.1}{\376\377\000T\000h\000r\000e\000e\000\040\000S\000i\000m\000u\000l\000a\000t\000i\000o\000n\000\040\000L\000e\000v\000e\000l\000s\000\040\000a\000n\000d\000\040\000W\000h\000a\000t\000\040\000E\000a\000c\000h\000\040\000V\000a\000l\000i\000d\000a\000t\000e\000d}{appendix.Q}% 248
\BOOKMARK [2][-]{subsection.Q.2}{\376\377\000E\000r\000r\000o\000r\000\040\000I\000n\000j\000e\000c\000t\000i\000o\000n\000\040\000a\000s\000\040\000a\000\040\000V\000a\000l\000i\000d\000a\000t\000i\000o\000n\000\040\000T\000o\000o\000l}{appendix.Q}% 249
\BOOKMARK [2][-]{subsection.Q.3}{\376\377\000D\000J\000I\000\040\000V\000i\000d\000e\000o\000\040\000R\000e\000p\000l\000a\000y\000\040\000a\000s\000\040\000a\000\040\000S\000i\000m\000-\000t\000o\000-\000R\000e\000a\000l\000\040\000P\000r\000o\000x\000y}{appendix.Q}% 250
\BOOKMARK [2][-]{subsection.Q.4}{\376\377\000V\000a\000l\000i\000d\000a\000t\000i\000o\000n\000\040\000R\000e\000s\000u\000l\000t\000s\000\040\000S\000u\000m\000m\000a\000r\000y}{appendix.Q}% 251
\BOOKMARK [2][-]{subsection.Q.5}{\376\377\000P\000r\000o\000g\000r\000e\000s\000s\000i\000v\000e\000\040\000B\000u\000i\000l\000d\000-\000U\000p\000:\000\040\000F\000r\000o\000m\000\040\000P\000u\000r\000e\000\040\000S\000o\000f\000t\000w\000a\000r\000e\000\040\000t\000o\000\040\000R\000e\000a\000l\000\040\000H\000a\000r\000d\000w\000a\000r\000e}{appendix.Q}% 252
\BOOKMARK [2][-]{subsection.Q.6}{\376\377\000K\000n\000o\000w\000n\000\040\000S\000i\000m\000-\000t\000o\000-\000R\000e\000a\000l\000\040\000G\000a\000p\000s}{appendix.Q}% 253
\BOOKMARK [2][-]{subsection.Q.7}{\376\377\000C\000o\000n\000f\000i\000d\000e\000n\000c\000e\000\040\000A\000s\000s\000e\000s\000s\000m\000e\000n\000t}{appendix.Q}% 254
\BOOKMARK [2][-]{subsection.Q.8}{\376\377\000L\000e\000s\000s\000o\000n\000s\000\040\000f\000r\000o\000m\000\040\000t\000h\000e\000\040\000S\000i\000m\000-\000t\000o\000-\000R\000e\000a\000l\000\040\000T\000r\000a\000n\000s\000f\000e\000r}{appendix.Q}% 255
\BOOKMARK [1][-]{appendix.R}{\376\377\000M\000i\000s\000s\000i\000o\000n\000\040\000F\000l\000o\000w}{}% 256
\BOOKMARK [2][-]{subsection.R.1}{\376\377\000P\000r\000e\000-\000F\000l\000i\000g\000h\000t}{appendix.R}% 257
\BOOKMARK [2][-]{subsection.R.2}{\376\377\000T\000a\000k\000e\000o\000f\000f}{appendix.R}% 258
\BOOKMARK [2][-]{subsection.R.3}{\376\377\000T\000r\000a\000n\000s\000i\000t\000\040\000t\000o\000\040\000S\000e\000a\000r\000c\000h\000\040\000A\000r\000e\000a}{appendix.R}% 259
\BOOKMARK [2][-]{subsection.R.4}{\376\377\000S\000e\000a\000r\000c\000h}{appendix.R}% 260
\BOOKMARK [2][-]{subsection.R.5}{\376\377\000D\000e\000t\000e\000c\000t\000i\000o\000n\000\040\000a\000n\000d\000\040\000Q\000u\000e\000u\000i\000n\000g}{appendix.R}% 261
\BOOKMARK [2][-]{subsection.R.6}{\376\377\000P\000L\000B\000\040\000F\000o\000c\000u\000s\000\040\000A\000r\000e\000a\000\040\000R\000e\000d\000i\000r\000e\000c\000t}{appendix.R}% 262
\BOOKMARK [2][-]{subsection.R.7}{\376\377\000I\000n\000v\000e\000s\000t\000i\000g\000a\000t\000i\000o\0