\BOOKMARK [1][-]{section.1}{\376\377\000O\000b\000j\000e\000c\000t\000i\000v\000e}{}% 1
\BOOKMARK [1][-]{section.2}{\376\377\000C\000o\000n\000s\000t\000r\000a\000i\000n\000t\000s}{}% 2
\BOOKMARK [1][-]{section.3}{\376\377\000F\000i\000v\000e\000\040\000C\000o\000m\000p\000e\000t\000i\000n\000g\000\040\000D\000i\000m\000e\000n\000s\000i\000o\000n\000s}{}% 3
\BOOKMARK [1][-]{section.4}{\376\377\000S\000T\000E\000E\000P\000L\000E\000\040\000C\000o\000n\000t\000e\000x\000t\000\040\000A\000n\000a\000l\000y\000s\000i\000s}{}% 4
\BOOKMARK [1][-]{section.5}{\376\377\000M\000C\000D\000A\000:\000\040\000I\000n\000f\000e\000r\000e\000n\000c\000e\000\040\000B\000a\000c\000k\000e\000n\000d\000\040\000T\000r\000a\000d\000e\000-\000o\000f\000f}{}% 5
\BOOKMARK [1][-]{section.6}{\376\377\000S\000c\000o\000r\000i\000n\000g\000\040\000t\000h\000e\000\040\000F\000i\000v\000e\000\040\000D\000i\000m\000e\000n\000s\000i\000o\000n\000s}{}% 6
\BOOKMARK [2][-]{subsection.6.1}{\376\377\000S\000a\000f\000e\000t\000y\000\040\000\050\000S\000\137\000s\000a\000f\000e\000t\000y\000\051}{section.6}% 7
\BOOKMARK [2][-]{subsection.6.2}{\376\377\000D\000e\000t\000e\000c\000t\000i\000o\000n\000\040\000\050\000S\000\137\000d\000e\000t\000e\000c\000t\000i\000o\000n\000\051}{section.6}% 8
\BOOKMARK [2][-]{subsection.6.3}{\376\377\000T\000i\000m\000e\000\040\000\050\000S\000\137\000t\000i\000m\000e\000\051}{section.6}% 9
\BOOKMARK [2][-]{subsection.6.4}{\376\377\000E\000n\000e\000r\000g\000y\000\040\000\050\000S\000\137\000e\000n\000e\000r\000g\000y\000\051}{section.6}% 10
\BOOKMARK [2][-]{subsection.6.5}{\376\377\000C\000o\000v\000e\000r\000a\000g\000e\000\040\000\050\000S\000\137\000c\000o\000v\000e\000r\000a\000g\000e\000\051}{section.6}% 11
\BOOKMARK [2][-]{subsection.6.6}{\376\377\000C\000o\000m\000p\000o\000s\000i\000t\000e\000\040\000S\000c\000o\000r\000e\000\040\000a\000n\000d\000\040\000t\000h\000e\000\040\000C\000o\000n\000s\000t\000r\000a\000i\000n\000t\040\023\000O\000b\000j\000e\000c\000t\000i\000v\000e\000\040\000S\000p\000l\000i\000t}{section.6}% 12
\BOOKMARK [1][-]{section.7}{\376\377\000T\000h\000e\000\040\000V\000a\000r\000i\000a\000b\000l\000e\000s\000\040\000W\000e\000\040\000C\000a\000n\000\040\000C\000h\000o\000o\000s\000e}{}% 13
\BOOKMARK [1][-]{section.8}{\376\377\000H\000o\000w\000\040\000T\000h\000e\000y\000\040\000I\000n\000t\000e\000r\000c\000o\000n\000n\000e\000c\000t}{}% 14
\BOOKMARK [1][-]{section.9}{\376\377\000T\000h\000e\000\040\000D\000e\000c\000i\000s\000i\000o\000n\000\040\000C\000h\000a\000i\000n}{}% 15
\BOOKMARK [2][-]{subsection.9.1}{\376\377\000S\000t\000e\000p\000\040\0001\000:\000\040\000T\000r\000a\000i\000n\000\040\000a\000\040\000R\000e\000l\000i\000a\000b\000l\000e\000\040\000V\000i\000s\000i\000o\000n\000\040\000M\000o\000d\000e\000l}{section.9}% 16
\BOOKMARK [2][-]{subsection.9.2}{\376\377\000S\000t\000e\000p\000\040\0002\000:\000\040\000F\000i\000n\000d\000\040\000t\000h\000e\000\040\000M\000a\000x\000i\000m\000u\000m\000\040\000A\000l\000t\000i\000t\000u\000d\000e\000\040\000\050\000D\000e\000t\000e\000c\000t\000i\000o\000n\000\040\000C\000e\000i\000l\000i\000n\000g\000\051}{section.9}% 17
\BOOKMARK [2][-]{subsection.9.3}{\376\377\000S\000t\000e\000p\000\040\0003\000:\000\040\000A\000p\000p\000l\000y\000\040\000S\000a\000f\000e\000t\000y\000\040\000M\000a\000r\000g\000i\000n\000\040\000t\000o\000\040\000G\000e\000t\000\040\000O\000p\000e\000r\000a\000t\000i\000n\000g\000\040\000A\000l\000t\000i\000t\000u\000d\000e}{section.9}% 18
\BOOKMARK [2][-]{subsection.9.4}{\376\377\000S\000t\000e\000p\000\040\0004\000:\000\040\000D\000e\000t\000e\000r\000m\000i\000n\000e\000\040\000M\000a\000x\000i\000m\000u\000m\000\040\000S\000p\000e\000e\000d\000\040\000a\000t\000\040\0003\0005\000\040\000m}{section.9}% 19
\BOOKMARK [2][-]{subsection.9.5}{\376\377\000S\000t\000e\000p\000\040\0005\000:\000\040\000C\000h\000o\000o\000s\000e\000\040\000t\000h\000e\000\040\000S\000e\000a\000r\000c\000h\000\040\000P\000a\000t\000t\000e\000r\000n\000\040\000T\000y\000p\000e}{section.9}% 20
\BOOKMARK [2][-]{subsection.9.6}{\376\377\000S\000t\000e\000p\000\040\0006\000:\000\040\000F\000i\000x\000e\000d\000\040\000H\000e\000a\000d\000i\000n\000g\000\040\000v\000s\000.\000\040\000Y\000a\000w\000-\000t\000o\000-\000F\000a\000c\000e}{section.9}% 21
\BOOKMARK [2][-]{subsection.9.7}{\376\377\000S\000t\000e\000p\000\040\0007\000:\000\040\000F\000i\000n\000d\000\040\000t\000h\000e\000\040\000E\000n\000e\000r\000g\000y\000-\000O\000p\000t\000i\000m\000a\000l\000\040\000S\000c\000a\000n\000\040\000A\000n\000g\000l\000e}{section.9}% 22
\BOOKMARK [2][-]{subsection.9.8}{\376\377\000S\000t\000e\000p\000\040\0008\000:\000\040\000D\000e\000t\000e\000r\000m\000i\000n\000e\000\040\000N\000F\000Z\000\040\000S\000a\000f\000e\000t\000y\000\040\000M\000a\000r\000g\000i\000n\000s}{section.9}% 23
\BOOKMARK [2][-]{subsection.9.9}{\376\377\000S\000t\000e\000p\000\040\0009\000:\000\040\000S\000e\000t\000\040\000S\000w\000a\000t\000h\000\040\000O\000v\000e\000r\000l\000a\000p}{section.9}% 24
\BOOKMARK [1][-]{section.10}{\376\377\000T\000h\000e\000\040\000D\000e\000c\000i\000s\000i\000o\000n\000\040\000C\000h\000a\000i\000n\000\040\000i\000n\000\040\000S\000u\000m\000m\000a\000r\000y}{}% 25
\BOOKMARK [1][-]{section.11}{\376\377\000W\000h\000a\000t\000\040\000W\000e\000\040\000E\000v\000a\000l\000u\000a\000t\000e\000d\000:\000\040\000T\000h\000e\000\040\0002\0001\0006\000-\000C\000o\000n\000f\000i\000g\000u\000r\000a\000t\000i\000o\000n\000\040\000S\000w\000e\000e\000p}{}% 26
\BOOKMARK [1][-]{section.12}{\376\377\000T\000h\000e\000\040\000R\000e\000s\000u\000l\000t}{}% 27
\BOOKMARK [1][-]{section.13}{\376\377\000S\000e\000n\000s\000i\000t\000i\000v\000i\000t\000y\000\040\000a\000n\000d\000\040\000R\000o\000b\000u\000s\000t\000n\000e\000s\000s}{}% 28
\BOOKMARK [1][-]{section.14}{\376\377\000P\000a\000r\000e\000t\000o\000\040\000O\000p\000t\000i\000m\000a\000l\000i\000t\000y}{}% 29
\BOOKMARK [1][-]{section.15}{\376\377\000N\000o\000n\000-\000Q\000u\000a\000n\000t\000i\000f\000i\000a\000b\000l\000e\000\040\000D\000e\000s\000i\000g\000n\000\040\000C\000h\000o\000i\000c\000e\000s}{}% 30
\BOOKMARK [1][-]{section.16}{\376\377\000S\000y\000s\000t\000e\000m\000\040\000D\000e\000s\000c\000r\000i\000p\000t\000i\000o\000n}{}% 31
\BOOKMARK [2][-]{subsection.16.1}{\376\377\000S\000o\000f\000t\000w\000a\000r\000e\000\040\000A\000r\000c\000h\000i\000t\000e\000c\000t\000u\000r\000e}{section.16}% 32
\BOOKMARK [2][-]{subsection.16.2}{\376\377\000S\000t\000a\000t\000e\000\040\000M\000a\000c\000h\000i\000n\000e}{section.16}% 33
\BOOKMARK [2][-]{subsection.16.3}{\376\377\000C\000o\000m\000p\000u\000t\000e\000r\000\040\000V\000i\000s\000i\000o\000n\000\040\000P\000i\000p\000e\000l\000i\000n\000e}{section.16}% 34
\BOOKMARK [2][-]{subsection.16.4}{\376\377\000D\000e\000t\000e\000c\000t\000i\000o\000n\000-\000t\000o\000-\000G\000P\000S\000\040\000P\000i\000p\000e\000l\000i\000n\000e}{section.16}% 35
\BOOKMARK [3][-]{subsubsection.16.4.1}{\376\377\000L\000o\000c\000a\000l\000i\000z\000a\000t\000i\000o\000n\000\040\000A\000p\000p\000r\000o\000a\000c\000h\000\040\000S\000e\000l\000e\000c\000t\000i\000o\000n}{subsection.16.4}% 36
\BOOKMARK [3][-]{subsubsection.16.4.2}{\376\377\000P\000r\000o\000g\000r\000e\000s\000s\000i\000v\000e\000\040\000A\000c\000c\000u\000r\000a\000c\000y\000\040\000I\000m\000p\000r\000o\000v\000e\000m\000e\000n\000t}{subsection.16.4}% 37
\BOOKMARK [3][-]{subsubsection.16.4.3}{\376\377\000F\000r\000a\000m\000e\000\040\000R\000a\000t\000e\000\040\000S\000u\000f\000f\000i\000c\000i\000e\000n\000c\000y}{subsection.16.4}% 38
\BOOKMARK [2][-]{subsection.16.5}{\376\377\000T\000e\000s\000t\000i\000n\000g\000\040\000I\000n\000f\000r\000a\000s\000t\000r\000u\000c\000t\000u\000r\000e}{section.16}% 39
\BOOKMARK [2][-]{subsection.16.6}{\376\377\000S\000a\000f\000e\000t\000y\000\040\000A\000r\000c\000h\000i\000t\000e\000c\000t\000u\000r\000e}{section.16}% 40
\BOOKMARK [1][-]{section.17}{\376\377\000R\000e\000q\000u\000i\000r\000e\000m\000e\000n\000t\000s\000\040\000V\000e\000r\000i\000f\000i\000c\000a\000t\000i\000o\000n}{}% 41
\BOOKMARK [1][-]{section.18}{\376\377\000E\000v\000a\000l\000u\000a\000t\000i\000o\000n\000:\000\040\000P\000l\000u\000s\000\040\000/\000\040\000D\000e\000l\000t\000a}{}% 42
\BOOKMARK [2][-]{subsection.18.1}{\376\377\000P\000l\000u\000s\000\040\000\050\000W\000h\000a\000t\000\040\000W\000o\000r\000k\000e\000d\000\040\000W\000e\000l\000l\000\051}{section.18}% 43
\BOOKMARK [2][-]{subsection.18.2}{\376\377\000D\000e\000l\000t\000a\000\040\000\050\000W\000h\000a\000t\000\040\000W\000o\000u\000l\000d\000\040\000C\000h\000a\000n\000g\000e\000\051}{section.18}% 44
\BOOKMARK [2][-]{subsection.18.3}{\376\377\000H\000o\000n\000e\000s\000t\000\040\000A\000s\000s\000e\000s\000s\000m\000e\000n\000t}{section.18}% 45
\BOOKMARK [2][-]{subsection.18.4}{\376\377\000C\000o\000m\000p\000a\000r\000i\000s\000o\000n\000\040\000w\000i\000t\000h\000\040\000P\000u\000b\000l\000i\000s\000h\000e\000d\000\040\000S\000A\000R\000\040\000S\000y\000s\000t\000e\000m\000s}{section.18}% 46
\BOOKMARK [1][-]{section.19}{\376\377\000E\000v\000i\000d\000e\000n\000c\000e\000-\000B\000a\000s\000e\000d\000\040\000A\000d\000a\000p\000t\000a\000t\000i\000o\000n}{}% 47
\BOOKMARK [2][-]{subsection.19.1}{\376\377\000B\000G\000R\000\040\000C\000o\000l\000o\000u\000r\000\040\000C\000h\000a\000n\000n\000e\000l\000\040\000F\000i\000x}{section.19}% 48
\BOOKMARK [2][-]{subsection.19.2}{\376\377\000F\000o\000c\000a\000l\000\040\000L\000e\000n\000g\000t\000h\000\040\000R\000e\000c\000a\000l\000i\000b\000r\000a\000t\000i\000o\000n}{section.19}% 49
\BOOKMARK [2][-]{subsection.19.3}{\376\377\000T\000F\000L\000i\000t\000e\000\040\000B\000o\000u\000n\000d\000i\000n\000g\000\040\000B\000o\000x\000\040\000C\000o\000o\000r\000d\000i\000n\000a\000t\000e\000\040\000B\000u\000g}{section.19}% 50
\BOOKMARK [2][-]{subsection.19.4}{\376\377\000C\000a\000l\000i\000b\000r\000a\000t\000i\000o\000n\000\040\000D\000a\000t\000a\000\040\000C\000o\000r\000r\000u\000p\000t\000i\000o\000n}{section.19}% 51
\BOOKMARK [1][-]{section.20}{\376\377\000E\000n\000e\000r\000g\000y\000\040\000M\000o\000d\000e\000l\000\040\000D\000e\000t\000a\000i\000l}{}% 52
\BOOKMARK [2][-]{subsection.20.1}{\376\377\000P\000o\000w\000e\000r\000\040\000D\000e\000c\000o\000m\000p\000o\000s\000i\000t\000i\000o\000n}{section.20}% 53
\BOOKMARK [2][-]{subsection.20.2}{\376\377\000H\000o\000v\000e\000r\000\040\000v\000s\000.\000\040\000C\000r\000u\000i\000s\000e\000\040\000E\000n\000e\000r\000g\000y\000\040\000B\000u\000d\000g\000e\000t}{section.20}% 54
\BOOKMARK [2][-]{subsection.20.3}{\376\377\000T\000u\000r\000n\000\040\000C\000o\000s\000t\000\040\000a\000n\000d\000\040\000S\000c\000a\000n\000\040\000A\000n\000g\000l\000e\000\040\000S\000e\000n\000s\000i\000t\000i\000v\000i\000t\000y}{section.20}% 55
\BOOKMARK [2][-]{subsection.20.4}{\376\377\000N\000F\000Z\000\040\000S\000p\000e\000e\000d\000\040\000R\000a\000m\000p\000\040\000E\000n\000e\000r\000g\000y\000\040\000I\000m\000p\000a\000c\000t}{section.20}% 56
\BOOKMARK [1][-]{section.21}{\376\377\000T\000e\000s\000t\000i\000n\000g\000\040\000M\000e\000t\000h\000o\000d\000o\000l\000o\000g\000y}{}% 57
\BOOKMARK [2][-]{subsection.21.1}{\376\377\000T\000e\000s\000t\000\040\000C\000a\000t\000e\000g\000o\000r\000i\000e\000s\000\040\000a\000n\000d\000\040\000T\000h\000e\000i\000r\000\040\000R\000o\000l\000e\000\040\000i\000n\000\040\000V\000a\000l\000i\000d\000a\000t\000i\000o\000n}{section.21}% 58
\BOOKMARK [2][-]{subsection.21.2}{\376\377\000H\000o\000w\000\040\000T\000e\000s\000t\000s\000\040\000A\000n\000c\000h\000o\000r\000e\000d\000\040\000D\000e\000s\000i\000g\000n\000\040\000D\000e\000c\000i\000s\000i\000o\000n\000s}{section.21}% 59
\BOOKMARK [2][-]{subsection.21.3}{\376\377\000U\000n\000i\000t\000\040\000T\000e\000s\000t\000\040\000C\000o\000v\000e\000r\000a\000g\000e}{section.21}% 60
\BOOKMARK [1][-]{section.22}{\376\377\000S\000i\000m\000u\000l\000a\000t\000i\000o\000n\000-\000t\000o\000-\000R\000e\000a\000l\000\040\000P\000r\000o\000g\000r\000e\000s\000s\000i\000o\000n}{}% 61
\BOOKMARK [1][-]{section.23}{\376\377\000C\000o\000n\000c\000l\000u\000s\000i\000o\000n}{}% 62
